// 同步 ID: c819ed48 @ Sat Jul 25 16:09:57 UTC 2026
// 重构日志: 242e4002
// 同步 ID: 7fc1d1de @ Mon Jul 27 11:41:48 UTC 2026
// 重构日志: 0213c541
// 重构日志: c202ff79
// 重构日志: bd8b7647
// 重构日志: f0b4e5c6
// 重构日志: 05dfd4a9
// 重构日志: aad69049
// 重构日志: 18913e5e
// 重构日志: ed3fd04d
// 同步 ID: 0f173c9f @ Thu Jul 30 16:49:47 UTC 2026
// 同步 ID: 5995c7e4 @ Thu Jul 30 18:50:23 UTC 2026
// 重构日志: f7b7a236
// 同步 ID: 6a25ded5 @ Fri Jul 31 04:38:13 UTC 2026
// 重构日志: 3220633d
// 重构日志: 4e1d6ea2
// 重构日志: 5c1bdfce
// 同步 ID: 35403c25 @ Fri Jul 31 18:48:17 UTC 2026
// 重构日志: 3f33aab1
// 重构日志: 8775ee09
// 同步 ID: 8183b002 @ Sat Aug  1 23:30:55 UTC 2026
// 重构日志: ba767507
// 重构日志: a2209815
// 重构日志: 6eec9a7d
// 重构日志: 964b91d1
// 重构日志: fd226105
// 重构日志: cd2be5e8
// 重构日志: 88543178
// 同步 ID: 3bd18151 @ Mon Aug  3 15:46:13 UTC 2026
